***** External Functions *****
1    AdminAskPath                                       iswi.obl(AdminAskPath.obs)
2    AllFeaturesDeselected                              iswi.obl(CompHelperFuncs.obs)
3    CHECK_RETURN                                       iswi.obl(ErrHandler.obs)
4    ChangeDirectory                                    isrt.obl(Files.obs)
5    CloseFile                                          isrt.obl(Files.obs)
6    CmdGetHwndDlg                                      isrt.obl(CustomDialog.obs)
7    ComponentCompareSizeRequired                       isrt.obl(component.obs)
8    ComponentErrorInfo                                 isrt.obl(component.obs)
9    ComponentGetData                                   isrt.obl(component.obs)
10   ComponentGetTotalCost                              isrt.obl(component.obs)
11   ComponentIsItemSelected                            isrt.obl(component.obs)
12   ComponentListItems                                 isrt.obl(component.obs)
13   ComponentReinstall                                 isrt.obl(component.obs)
14   ComponentRemoveAll                                 isrt.obl(component.obs)
15   ComponentSaveTarget                                isrt.obl(component.obs)
16   ComponentSelectItem                                isrt.obl(component.obs)
17   ComponentTransferData                              isrt.obl(component.obs)
18   ComponentTreeInit                                  isrt.obl(Dialogs.obs)
19   CreateDir                                          isrt.obl(Files.obs)
20   CreateFile                                         isrt.obl(Files.obs)
21   CreateInstallationInfo                             isrt.obl(Registry.obs)
22   CtrlGetNotificationCode                            isrt.obl(CustomDialog.obs)
23   CtrlGetState                                       isrt.obl(CustomDialog.obs)
24   CtrlGetText                                        isrt.obl(CustomDialog.obs)
25   CtrlSelectText                                     isrt.obl(CustomDialog.obs)
26   CtrlSetList                                        isrt.obl(CustomDialog.obs)
27   CtrlSetState                                       isrt.obl(CustomDialog.obs)
28   CtrlSetText                                        isrt.obl(CustomDialog.obs)
29   DefineDialog                                       isrt.obl(CustomDialog.obs)
30   DeleteFile                                         isrt.obl(Files.obs)
31   DeleteSingleFile                                   isrt.obl(Files.obs)
32   DialogSetDefaultFont                               isrt.obl(Dialogs.obs)
33   DialogSetFont                                      isrt.obl(Dialogs.obs)
34   DialogSetInfo                                      isrt.obl(Dialogs.obs)
35   Disable                                            isrt.obl(Enable.obs)
36   DllSizeOf                                          isrt.obl(Str.obs)
37   Do                                                 isrt.obl(Misc.obs)
38   Enable                                             isrt.obl(Enable.obs)
39   EndCurrentDialog                                   isrt.obl(Dialogs.obs)
40   EndDialog                                          isrt.obl(CustomDialog.obs)
41   ExistsDir                                          isrt.obl(Files.obs)
42   EzDefineDialog                                     isrt.obl(CustomDialog.obs)
43   FeatureCompareSizeRequired                         iswi.obl(FeatureConv.obs)
44   FeatureErrorInfo                                   iswi.obl(ComponentConv.obs)
45   FeatureFilterLanguage                              iswi.obl(ComponentConv.obs)
46   FeatureFilterOS                                    iswi.obl(ComponentConv.obs)
47   FeatureGetData                                     iswi.obl(ComponentConv.obs)
48   FeatureGetTotalCost                                iswi.obl(FeatureConv.obs)
49   FeatureIsItemSelected                              iswi.obl(ComponentConv.obs)
50   FeatureListItems                                   iswi.obl(ComponentConv.obs)
51   FeatureReinstall                                   iswi.obl(ComponentConv.obs)
52   FeatureRemoveAll                                   iswi.obl(ComponentConv.obs)
53   FeatureSaveTarget                                  iswi.obl(FeatureConv.obs)
54   FeatureSelectItem                                  iswi.obl(ComponentConv.obs)
55   FeatureTransferData                                iswi.obl(ComponentConv.obs)
56   FeaturesInstalled                                  iswi.obl(FileTransferFuncsConv.obs)
57   FeaturesInstalling                                 iswi.obl(FileTransferFuncsConv.obs)
58   FindFile                                           isrt.obl(Files.obs)
59   FindWindow                                         isrt.obl(Misc.obs)
60   FormatMessage                                      isrt.obl(Misc.obs)
61   GDI32.CreateRectRgn                                Setup.obs
62   GDI32.GetDeviceCaps                                Setup.obs
63   GeneratedMSIScript                                 iswi.obl(FileTransferFuncsConv.obs)
64   GeneratingMSIScript                                iswi.obl(FileTransferFuncsConv.obs)
65   GetBasicMSI                                        isrt.obl(SysVars.obs)
66   GetBillboard                                       isrt.obl(SysVars.obs)
67   GetComponentsFeatures                              iswi.obl(CompHelperFuncs.obs)
68   GetCurrentDialogName                               isrt.obl(Dialogs.obs)
69   GetCurrentDir                                      isrt.obl(Files.obs)
70   GetDialogTitle                                     isrt.obl(Dialogs.obs)
71   GetDir                                             isrt.obl(Str.obs)
72   GetDisk                                            isrt.obl(Str.obs)
73   GetDiskSpace                                       isrt.obl(GSI.obs)
74   GetDiskSpaceEx                                     isrt.obl(GSI.obs)
75   GetEnabledIServices                                isrt.obl(SysVars.obs)
76   GetExtents                                         isrt.obl(GSI.obs)
77   GetFolderApplications                              isrt.obl(SysVars.obs)
78   GetFolderApplications64                            isrt.obl(SysVars.obs)
79   GetFolderDotNet10                                  isrt.obl(SysVars.obs)
80   GetFolderDotNet11                                  isrt.obl(SysVars.obs)
81   GetFolderDotNet20                                  isrt.obl(SysVars.obs)
82   GetISRes                                           isrt.obl(SysVars.obs)
83   GetInstallScriptMSIEEUI                            isrt.obl(SysVars.obs)
84   GetKeyPathWinCurrVerAuto                           isrt.obl(SysVars.obs)
85   GetMSIFeatureName                                  iswi.obl(CompHelperFuncs.obs)
86   GetMaintenance                                     iswi.obl(ISWiInit.obs)
87   GetMsiFeaturePath                                  iswi.obl(CompHelperFuncs.obs)
88   GetMsiNameFromAliasTable                           iswi.obl(CompHelperFuncs.obs)
89   GetOpenFileMode                                    isrt.obl(Files.obs)
90   GetPackageLocation                                 isrt.obl(SysVars.obs)
91   GetProductGUID                                     iswi.obl(ISWiInit.obs)
92   GetProfString                                      isrt.obl(Profile.obs)
93   GetReinstallMode                                   isrt.obl(SysVars.obs)
94   GetRemoveAllMode                                   isrt.obl(SysVars.obs)
95   GetRemoveOnly                                      isrt.obl(SysVars.obs)
96   GetSelectedLanguage                                isrt.obl(SysVars.obs)
97   GetSelectedTreeComponent                           isrt.obl(CmptView.obs)
98   GetSupportDir                                      isrt.obl(SysVars.obs)
99   GetSystemInfo                                      isrt.obl(GSI.obs)
100  GetTempFolder                                      isrt.obl(SysVars.obs)
101  GetUserSelectableAuto                              isrt.obl(SysVars.obs)
102  GetVPath                                           Setup.obs
103  GetValidDrivesList                                 isrt.obl(GSI.obs)
104  GetWinDir                                          isrt.obl(SysVars.obs)
105  GetWinSysDir                                       isrt.obl(SysVars.obs)
106  GetWindowHandle                                    iswi.obl(MiscConv.obs)
107  HIWORD                                             isrt.obl(Misc.obs)
108  ISDeterminePlatform                                isrt.obl(OsInfo.obs)
109  ISMIF32.InstallStatusMIF                           isrt.obl(MIF.obs)
110  ISRT.ComponentViewSetInfoEx                        isrt.obl(Dialogs.obs)
111  ISRT.EnableHourGlass                               isrt.obl(Enable.obs)
112  ISRT.GetCPUType                                    isrt.obl(GSI.obs)
113  ISRT.GetFontSub                                    isrt.obl(Dialogs.obs)
114  ISRT.GetHandle                                     Setup.obs
115  ISRT.GetPorts                                      isrt.obl(GSI.obs)
116  ISRT.IsEmpty                                       Setup.obs
117  ISRT.IsNTAdmin                                     isrt.obl(Is.obs)
118  ISRT.IsObject                                      Setup.obs
119  ISRT.IsPowerUser                                   isrt.obl(Is.obs)
120  ISRT.LangLoadString                                isrt.obl(SDINT.obs)
121  ISRT.MessageBeepP                                  Setup.obs
122  ISRT.PathCompactPathPixel                          isrt.obl(CustomDialog.obs)
123  ISRT.PathGetDir                                    isrt.obl(Str.obs)
124  ISRT.PathGetDrive                                  isrt.obl(Str.obs)
125  ISRT.PathGetFile                                   isrt.obl(Files.obs)
126  ISRT.PathGetFileExt                                isrt.obl(Str.obs)
127  ISRT.PathGetFileName                               isrt.obl(Str.obs)
128  ISRT.PathGetPath                                   isrt.obl(Str.obs)
129  ISRT.PathIsValidSyntax                             isrt.obl(Is.obs)
130  ISRT.VerGetFileVersion                             Setup.obs
131  ISRT._BrowseForFolder                              isrt.obl(SelectDir.obs)
132  ISRT._CloseFile                                    isrt.obl(Files.obs)
133  ISRT._CmdGetHwndDlg                                isrt.obl(CustomDialog.obs)
134  ISRT._ComponentCompareSizeRequired                 iswi.obl(FeatureConv.obs)
135  ISRT._ComponentGetTotalCost                        iswi.obl(FeatureConv.obs)
136  ISRT._ComponentGetTotalCostEx                      isrt.obl(SdComponentTreeDlg.obs)
137  ISRT._ComponentSaveTarget                          iswi.obl(FeatureConv.obs)
138  ISRT._CreateDir                                    isrt.obl(Files.obs)
139  ISRT._CtrlGetNotificationCode                      isrt.obl(CustomDialog.obs)
140  ISRT._DefineDialog                                 isrt.obl(CustomDialog.obs)
141  ISRT._DialogSetFont                                isrt.obl(Dialogs.obs)
142  ISRT._DisableStatus                                isrt.obl(Enable.obs)
143  ISRT._DoSprintf                                    iswi.obl(HelperFuncs.obs)
144  ISRT._EnableDialogCache                            isrt.obl(Enable.obs)
145  ISRT._EnablePrevDialog                             Setup.obs
146  ISRT._EnableSkins                                  isrt.obl(Enable.obs)
147  ISRT._EnableStatus                                 isrt.obl(Enable.obs)
148  ISRT._EnableWow64FsRedirection                     isrt.obl(Enable.obs)
149  ISRT._EndDialog                                    isrt.obl(CustomDialog.obs)
150  ISRT._ExistsDir                                    isrt.obl(Files.obs)
151  ISRT._ExistsFile                                   isrt.obl(Files.obs)
152  ISRT._GetCurrentDialogName                         isrt.obl(Dialogs.obs)
153  ISRT._GetDiskSpaceEx                               isrt.obl(GSI.obs)
154  ISRT._GetDiskSpaceExEx                             isrt.obl(SdComponentTreeDlg.obs)
155  ISRT._GetGlobalMemorySize                          isrt.obl(GSI.obs)
156  ISRT._GetProcessorInfo                             isrt.obl(OsInfo.obs)
157  ISRT._GetSelectedTreeComponent                     isrt.obl(CmptView.obs)
158  ISRT._GetSupportDir                                isrt.obl(SysVars.obs)
159  ISRT._IsFontTypefaceNameAvailable                  isrt.obl(Is.obs)
160  ISRT._IsInAdminGroup                               isrt.obl(Is.obs)
161  ISRT._IsSkinLoaded                                 isrt.obl(Is.obs)
162  ISRT._IsWindowsME                                  isrt.obl(GSI.obs)
163  ISRT._IsWow64                                      isrt.obl(OsInfo.obs)
164  ISRT._ListAddItem                                  isrt.obl(scrlist.obs)
165  ISRT._ListAddString                                isrt.obl(scrlist.obs)
166  ISRT._ListCount                                    isrt.obl(scrlist.obs)
167  ISRT._ListCreate                                   isrt.obl(scrlist.obs)
168  ISRT._ListCurrentString                            isrt.obl(scrlist.obs)
169  ISRT._ListDeleteItem                               isrt.obl(scrlist.obs)
170  ISRT._ListDeleteString                             isrt.obl(scrlist.obs)
171  ISRT._ListDestroy                                  isrt.obl(scrlist.obs)
172  ISRT._ListFindString                               isrt.obl(scrlist.obs)
173  ISRT._ListGetFirstItem                             isrt.obl(scrlist.obs)
174  ISRT._ListGetFirstString                           isrt.obl(scrlist.obs)
175  ISRT._ListGetNextItem                              isrt.obl(scrlist.obs)
176  ISRT._ListGetNextString                            isrt.obl(scrlist.obs)
177  ISRT._ListGetType                                  isrt.obl(scrlist.obs)
178  ISRT._ListSetIndex                                 isrt.obl(scrlist.obs)
179  ISRT._MediaGetInfo                                 iswi.obl(FeatureConv.obs)
180  ISRT._OpenFile                                     isrt.obl(Files.obs)
181  ISRT._Preprogram                                   Setup.obs
182  ISRT._RegCreateKey                                 isrt.obl(Registry.obs)
183  ISRT._RegEnableTextSubs                            isrt.obl(Enable.obs)
184  ISRT._RegExistsKey                                 isrt.obl(Registry.obs)
185  ISRT._RegGetOptions                                isrt.obl(SysVars.obs)
186  ISRT._RegIsRemoteRegConnected                      isrt.obl(Is.obs)
187  ISRT._RegQueryKeyBinaryValue                       isrt.obl(Registry.obs)
188  ISRT._RegQueryKeyValue                             isrt.obl(Registry.obs)
189  ISRT._RegSetOptions                                isrt.obl(SysVars.obs)
190  ISRT._ReleaseDialog                                isrt.obl(CustomDialog.obs)
191  ISRT._SdShowMsg                                    isrt.obl(SDSMSG.obs)
192  ISRT._SetAltMainImage                              isrt.obl(Dialogs.obs)
193  ISRT._SetDisplayEffect                             isrt.obl(ui.obs)
194  ISRT._SetSilentSdShowMsg                           isrt.obl(Enable.obs)
195  ISRT._SetTitle                                     isrt.obl(ui.obs)
196  ISRT._SetupTraceWrite                              isrt.obl(Misc.obs)
197  ISRT._TreeViewCreate                               isrt.obl(CmptView.obs)
198  ISRT._WaitOnDialog                                 isrt.obl(CustomDialog.obs)
199  ISRT._WriteLine                                    isrt.obl(Files.obs)
200  ISRT.__CreateObjectContext                         isrt.obl(ISRTInit.obs)
201  ISRT.__GetCmdLineOptions                           isrt.obl(ISRTInit.obs)
202  ISRT.__GetContextGUID                              isrt.obl(ISRTInit.obs)
203  ISRT.__GetEnabledIServices                         isrt.obl(SysVars.obs)
204  ISRT.__GetFileRegistrar                            isrt.obl(ISRTInit.obs)
205  ISRT.__GetISMSIStringTableObj                      iswi.obl(ISWiInit.obs)
206  ISRT.__GetInfo                                     isrt.obl(ISRTInit.obs)
207  ISRT.__GetInstallGuid                              isrt.obl(SysVars.obs)
208  ISRT.__GetLogDB                                    isrt.obl(ISRTInit.obs)
209  ISRT.__GetMainWindow                               Setup.obs
210  ISRT.__GetMaintOption                              isrt.obl(SysVars.obs)
211  ISRT.__GetMaintenanceMode                          isrt.obl(SysVars.obs)
212  ISRT.__GetObjects                                  isrt.obl(ISRTInit.obs)
213  ISRT.__GetProductGuid                              isrt.obl(SysVars.obs)
214  ISRT.__GetProgress                                 Setup.obs
215  ISRT.__GetReboot                                   isrt.obl(ISRTInit.obs)
216  ISRT.__GetReinstallMode                            isrt.obl(SysVars.obs)
217  ISRT.__GetRemoveAllMode                            isrt.obl(SysVars.obs)
218  ISRT.__GetTextSub                                  isrt.obl(ISRTInit.obs)
219  ISRT.__GetUpdateMode                               isrt.obl(SysVars.obs)
220  ISRT.__PutEnabledIServices                         isrt.obl(Enable.obs)
221  ISRT.__ReleaseObjectContext                        isrt.obl(ISRTInit.obs)
222  ISRT.__RestoreMainLog                              isrt.obl(ISRTInit.obs)
223  ISRT.__RestoreMainLogEx                            isrt.obl(ISRTInit.obs)
224  ISRT.__SetComponentLog                             isrt.obl(ISRTInit.obs)
225  ISRT.__SetUpdateMode                               isrt.obl(SysVars.obs)
226  ISRTHandleScriptException                          isrt.obl(Misc.obs)
227  ISRTPreprogram                                     isrt.obl(Driver.obs)
228  ISWIOnAppSearch                                    iswi.obl(DriverConv.obs)
229  ISWIOnCCPSearch                                    iswi.obl(DriverConv.obs)
230  ISWIOnExitInstall                                  iswi.obl(DriverConv.obs)
231  ISWIOnFirstUIAfter                                 iswi.obl(DriverConv.obs)
232  ISWIOnFirstUIBefore                                iswi.obl(DriverConv.obs)
233  ISWIOnInitInstall                                  iswi.obl(DriverConv.obs)
234  ISWIOnMaintUIAfter                                 iswi.obl(DriverConv.obs)
235  ISWIOnMaintUIBefore                                iswi.obl(DriverConv.obs)
236  ISWIOnMoveData                                     iswi.obl(DriverConv.obs)
237  ISWIOnMoveDataPostInstall                          iswi.obl(DriverConv.obs)
238  ISWIOnMoveDataPreInstall                           iswi.obl(DriverConv.obs)
239  ISWIOnResumeUIAfter                                iswi.obl(DriverConv.obs)
240  ISWIOnResumeUIBefore                               iswi.obl(DriverConv.obs)
241  ISWIPostprogram                                    iswi.obl(DriverConv.obs)
242  ISWIPreprogram                                     iswi.obl(DriverConv.obs)
243  InstallFilesActionAfter                            iswi.obl(FileTransferFuncsConv.obs)
244  InstallFilesActionBefore                           iswi.obl(FileTransferFuncsConv.obs)
245  Is                                                 isrt.obl(Is.obs)
246  IsTestSetup                                        iswi.obl(HelperFuncs.obs)
247  KERNEL.GetModuleHandle                             Setup.obs
248  KERNEL32.CloseHandle                               Setup.obs
249  KERNEL32.CreateFileA                               Setup.obs
250  KERNEL32.DeleteFileA                               Setup.obs
251  KERNEL32.FindClose                                 Setup.obs
252  KERNEL32.FindFirstFileA                            Setup.obs
253  KERNEL32.FindNextFileA                             Setup.obs
254  KERNEL32.FormatMessageA                            Setup.obs
255  KERNEL32.FreeLibrary                               Setup.obs
256  KERNEL32.GetCurrentDirectoryA                      Setup.obs
257  KERNEL32.GetDriveType                              Setup.obs
258  KERNEL32.GetFileAttributesA                        Setup.obs
259  KERNEL32.GetLocalTime                              Setup.obs
260  KERNEL32.GetLocaleInfo                             Setup.obs
261  KERNEL32.GetPrivateProfileString                   Setup.obs
262  KERNEL32.GetPrivateProfileStringA                  Setup.obs
263  KERNEL32.GetProcAddress                            Setup.obs
264  KERNEL32.GetProfileStringA                         Setup.obs
265  KERNEL32.GetSystemDefaultLCID                      Setup.obs
266  KERNEL32.GetSystemDefaultLangID                    Setup.obs
267  KERNEL32.GetSystemDefaultUILanguage                Setup.obs
268  KERNEL32.GetUserDefaultLangID                      Setup.obs
269  KERNEL32.GetVersion                                Setup.obs
270  KERNEL32.GetVersionEx                              Setup.obs
271  KERNEL32.GetVolumeInformation                      Setup.obs
272  KERNEL32.GetWindowsDirectory                       Setup.obs
273  KERNEL32.LoadLibraryA                              Setup.obs
274  KERNEL32.SetCurrentDirectoryA                      Setup.obs
275  KERNEL32.SetFileAttributesA                        Setup.obs
276  KERNEL32.WritePrivateProfileString                 Setup.obs
277  KERNEL32.lstrlen                                   Setup.obs
278  Kernel32.GetModuleHandleA                          iswi.obl(ComponentConv.obs)
279  LOWORD                                             isrt.obl(Misc.obs)
280  LaunchAppAndWaitInitStartupInfo                    isrt.obl(Extend.obs)
281  LaunchApplicationInit                              isrt.obl(Extend.obs)
282  ListAddItem                                        isrt.obl(scrlist.obs)
283  ListAddString                                      isrt.obl(scrlist.obs)
284  ListCount                                          isrt.obl(scrlist.obs)
285  ListCreate                                         isrt.obl(scrlist.obs)
286  ListCurrentString                                  isrt.obl(scrlist.obs)
287  ListDeleteItem                                     isrt.obl(scrlist.obs)
288  ListDeleteString                                   isrt.obl(scrlist.obs)
289  ListDestroy                                        isrt.obl(scrlist.obs)
290  ListFindString                                     isrt.obl(scrlist.obs)
291  ListGetFirstItem                                   isrt.obl(scrlist.obs)
292  ListGetFirstString                                 isrt.obl(scrlist.obs)
293  ListGetLastString                                  iswi.obl(CompHelperFuncs.obs)
294  ListGetNextItem                                    isrt.obl(scrlist.obs)
295  ListGetNextString                                  isrt.obl(scrlist.obs)
296  ListGetType                                        isrt.obl(scrlist.obs)
297  ListSetIndex                                       isrt.obl(scrlist.obs)
298  ListValid                                          isrt.obl(scrlist.obs)
299  ListValidType                                      isrt.obl(scrlist.obs)
300  LoadStringFromStringTable                          iswi.obl(ISWiInit.obs)
301  LongPathToQuote                                    isrt.obl(Str.obs)
302  MAKELONG                                           isrt.obl(Misc.obs)
303  MIFCreateMIFFile                                   isrt.obl(MIF.obs)
304  MIFDeleteMIFFile                                   isrt.obl(MIF.obs)
305  MIFInitialize                                      isrt.obl(MIF.obs)
306  MIFSetInformation                                  isrt.obl(MIF.obs)
307  MIFUnInitialize                                    isrt.obl(MIF.obs)
308  MIFWasSetInformationCalled                         isrt.obl(MIF.obs)
309  MediaGetDataEx                                     iswi.obl(FeatureConv.obs)
310  MessageBeep                                        isrt.obl(Misc.obs)
311  MessageBox                                         isrt.obl(MsgBox.obs)
312  MessageBoxEx                                       isrt.obl(MsgBox.obs)
313  Moved                                              iswi.obl(FileTransferFuncsConv.obs)
314  Moving                                             iswi.obl(FileTransferFuncsConv.obs)
315  MsiCloseHandle                                     iswi.obl(MsiFuncsConv.obs)
316  MsiCreateRecord                                    iswi.obl(MsiFuncsConv.obs)
317  MsiDatabaseOpenView                                iswi.obl(MsiFuncsConv.obs)
318  MsiDoAction                                        iswi.obl(MsiFuncsConv.obs)
319  MsiGetActiveDatabase                               iswi.obl(MsiFuncsConv.obs)
320  MsiGetProperty                                     iswi.obl(MsiFuncsConv.obs)
321  MsiGetPropertyIS                                   iswi.obl(MsiFuncsConv.obs)
322  MsiGetSourcePath                                   iswi.obl(MsiFuncsConv.obs)
323  MsiGetTargetPath                                   iswi.obl(MsiFuncsConv.obs)
324  MsiInstallProduct                                  iswi.obl(MsiFuncsConv.obs)
325  MsiProcessMessage                                  iswi.obl(MsiFuncsConv.obs)
326  MsiQueryFeatureState                               iswi.obl(MsiFuncsConv.obs)
327  MsiRecordGetInteger                                iswi.obl(MsiFuncsConv.obs)
328  MsiRecordGetString                                 iswi.obl(MsiFuncsConv.obs)
329  MsiRecordSetString                                 iswi.obl(MsiFuncsConv.obs)
330  MsiSetProperty                                     iswi.obl(MsiFuncsConv.obs)
331  MsiSetTargetPath                                   iswi.obl(MsiFuncsConv.obs)
332  MsiViewExecute                                     iswi.obl(MsiFuncsConv.obs)
333  MsiViewFetch                                       iswi.obl(MsiFuncsConv.obs)
334  OnAbort                                            iswi.obl(DriverConv.obs)
335  OnAction                                           iswi.obl(ISWiInit.obs)
336  OnAdminInstallUIAfter                              iswi.obl(DriverConv.obs)
337  OnAdminInstallUIBefore                             iswi.obl(DriverConv.obs)
338  OnAdminPatchUIAfter                                iswi.obl(DriverConv.obs)
339  OnAdminPatchUIBefore                               iswi.obl(DriverConv.obs)
340  OnAdvertisementAfter                               iswi.obl(DriverConv.obs)
341  OnAdvertisementBefore                              iswi.obl(DriverConv.obs)
342  OnAppSearch                                        iswi.obl(DriverConv.obs)
343  OnBegin                                            Setup.obs
344  OnCCPSearch                                        iswi.obl(DriverConv.obs)
345  OnCanceling                                        iswi.obl(DriverConv.obs)
346  OnComponentError                                   iswi.obl(Exceptions.obs)
347  OnDIFxLogCallback                                  isrt.obl(ISDIFx.obs)
348  OnDIFxLogCallbackImpl                              isrt.obl(ISDIFx.obs)
349  OnEnd                                              iswi.obl(DriverConv.obs)
350  OnError                                            iswi.obl(DriverConv.obs)
351  OnException                                        iswi.obl(Exceptions.obs)
352  OnFeaturesInstalled                                iswi.obl(FileTransferFuncsConv.obs)
353  OnFeaturesInstalling                               iswi.obl(FileTransferFuncsConv.obs)
354  OnFileError                                        iswi.obl(Exceptions.obs)
355  OnFileLocked                                       iswi.obl(Exceptions.obs)
356  OnFileReadOnly                                     iswi.obl(Exceptions.obs)
357  OnFilesInUse                                       iswi.obl(DriverConv.obs)
358  OnFirstUIAfter                                     iswi.obl(DriverConv.obs)
359  OnFirstUIBefore                                    Setup.obs
360  OnFirstUIBeforeValueAddedServices                  iswi.obl(DriverConv.obs)
361  OnGeneratedMSIScript                               Setup.obs
362  OnGeneratingMSIScript                              iswi.obl(FileTransferFuncsConv.obs)
363  OnHelp                                             iswi.obl(DriverConv.obs)
364  OnInstallFilesActionAfter                          iswi.obl(FileTransferFuncsConv.obs)
365  OnInstallFilesActionBefore                         iswi.obl(FileTransferFuncsConv.obs)
366  OnInternetError                                    iswi.obl(Exceptions.obs)
367  OnLaunchAppAndWaitCallback                         iswi.obl(DriverConv.obs)
368  OnLogonUserSetMsiProperties                        iswi.obl(DriverConv.obs)
369  OnMD5Error                                         iswi.obl(Exceptions.obs)
370  OnMaintUIAfter                                     iswi.obl(DriverConv.obs)
371  OnMaintUIBefore                                    iswi.obl(DriverConv.obs)
372  OnMaintenance                                      iswi.obl(DriverConv.obs)
373  OnMoved                                            iswi.obl(FileTransferFuncsConv.obs)
374  OnMoving                                           iswi.obl(FileTransferFuncsConv.obs)
375  OnMsiSilentInstall                                 iswi.obl(DriverConv.obs)
376  OnNetApiCreateUserAccountInternal                  isrt.obl(NetApiRT.obs)
377  OnNextDisk                                         iswi.obl(Exceptions.obs)
378  OnOutOfDiskSpace                                   iswi.obl(DriverConv.obs)
379  OnPatchUIAfter                                     iswi.obl(DriverConv.obs)
380  OnPatchUIBefore                                    iswi.obl(DriverConv.obs)
381  OnRMFilesInUse                                     iswi.obl(DriverConv.obs)
382  OnRebooted                                         iswi.obl(DriverConv.obs)
383  OnRemovingSharedFile                               iswi.obl(Exceptions.obs)
384  OnResolveSource                                    iswi.obl(DriverConv.obs)
385  OnResume                                           iswi.obl(DriverConv.obs)
386  OnResumeUIAfter                                    iswi.obl(DriverConv.obs)
387  OnResumeUIBefore                                   iswi.obl(DriverConv.obs)
388  OnSQLLogin                                         iswi.obl(DriverConv.obs)
389  OnSelfRegistrationError                            iswi.obl(Exceptions.obs)
390  OnUnhandledException                               iswi.obl(DriverConv.obs)
391  OnUninstall                                        iswi.obl(DriverConv.obs)
392  OnUpdateService                                    iswi.obl(DriverConv.obs)
393  OnWarning                                          iswi.obl(DriverConv.obs)
394  OpenFile                                           isrt.obl(Files.obs)
395  OpenFileMode                                       isrt.obl(Files.obs)
396  ParsePath                                          isrt.obl(Str.obs)
397  PostShowComponentDlg                               iswi.obl(ISWiInit.obs)
398  Postprogram                                        iswi.obl(DriverConv.obs)
399  PreShowComponentDlg                                iswi.obl(ISWiInit.obs)
400  Preprogram                                         iswi.obl(DriverConv.obs)
401  ProgramEeuiPostInstall                             iswi.obl(DriverConv.obs)
402  ProgramEeuiPreInstall                              iswi.obl(DriverConv.obs)
403  PthFixPath                                         isrt.obl(Pth.obs)
404  PthIsAbsPath                                       isrt.obl(Pth.obs)
405  RebootNeeded                                       iswi.obl(FileTransferFuncsConv.obs)
406  RedirectMsiCloseHandle                             iswi.obl(RedirectedMsiFuncsConv.obs)
407  RedirectMsiCreateRecord                            iswi.obl(RedirectedMsiFuncsConv.obs)
408  RedirectMsiGetActiveDatabase                       iswi.obl(RedirectedMsiFuncsConv.obs)
409  RedirectMsiProcessMessage                          iswi.obl(RedirectedMsiFuncsConv.obs)
410  RedirectMsiRecordGetInteger                        iswi.obl(RedirectedMsiFuncsConv.obs)
411  RedirectMsiViewExecute                             iswi.obl(RedirectedMsiFuncsConv.obs)
412  RedirectMsiViewFetch                               iswi.obl(RedirectedMsiFuncsConv.obs)
413  RegDBGetItem                                       isrt.obl(Registry.obs)
414  RegDBGetKeyValueEx                                 isrt.obl(Registry.obs)
415  RegDBKeyExist                                      isrt.obl(Registry.obs)
416  RegDBQueryValue                                    isrt.obl(Registry.obs)
417  RegDBQueryValue32                                  isrt.obl(Registry.obs)
418  RegDBSetDefaultRoot                                isrt.obl(SysVars.obs)
419  ReleaseDialog                                      isrt.obl(CustomDialog.obs)
420  RemoveSpaces                                       iswi.obl(HelperFuncs.obs)
421  ResolveShellObjectsFolder                          iswi.obl(CompHelperFuncs.obs)
422  SdAskDestPath22                                    Setup.obs
423  SdCloseDlg                                         isrt.obl(SDINT.obs)
424  SdComponentDlgCheckSpace                           isrt.obl(SDINT.obs)
425  SdDlgToTop                                         isrt.obl(SDINT.obs)
426  SdDoStdButton                                      isrt.obl(SDINT.obs)
427  SdEnablement                                       isrt.obl(SDINT.obs)
428  SdError                                            isrt.obl(SDINT.obs)
429  SdFeatureTree                                      isrt.obl(SdComponentTreeDlg.obs)
430  SdFilesInUse                                       isrt.obl(SdFilesInUse.obs)
431  SdFinish                                           isrt.obl(SdFinishDlg.obs)
432  SdFinishReboot                                     isrt.obl(SdFinishRebootDlg.obs)
433  SdGeneralInit                                      isrt.obl(SDINT.obs)
434  SdInit                                             isrt.obl(SDINT.obs)
435  SdInstallYahooToolbar                              isrt.obl(ISYahooToolbar.obs)
436  SdIsStdButton                                      isrt.obl(SDINT.obs)
437  SdLoadString                                       isrt.obl(SDINT.obs)
438  SdMakeName                                         isrt.obl(SDINT.obs)
439  SdOutOfDiskSpace                                   iswi.obl(SdDiskReqs.obs)
440  SdPatchWelcome                                     iswi.obl(SdPatchWel.obs)
441  SdPlugInProductName                                isrt.obl(SDINT.obs)
442  SdRMFilesInUse                                     isrt.obl(SdFilesInUse.obs)
443  SdSetDlgTitle                                      isrt.obl(SDINT.obs)
444  SdSetStatic                                        isrt.obl(SDINT.obs)
445  SdSetupCompleteError                               iswi.obl(SdSetupCompleteError.obs)
446  SdShowMsg                                          isrt.obl(SDSMSG.obs)
447  SdStartCopy2                                       isrt.obl(SdStartCopy2Dlg.obs)
448  SdSubstituteProductInfo                            isrt.obl(SDINT.obs)
449  SdUnInit                                           isrt.obl(SDINT.obs)
450  SdWelcome                                          isrt.obl(SdWelcomeDlg.obs)
451  SdWelcomeMaint                                     isrt.obl(SdWelcomeMaintDlg.obs)
452  SelectDir                                          isrt.obl(SelectDir.obs)
453  SelectDirNoLog                                     isrt.obl(SelectDir.obs)
454  SendMessage                                        isrt.obl(Misc.obs)
455  ServiceInitParams                                  isrt.obl(Service.obs)
456  SetCmdLine                                         isrt.obl(SysVars.obs)
457  SetDisplayEffect                                   isrt.obl(ui.obs)
458  SetExtendedErrInfo                                 isrt.obl(IsUtil.obs)
459  SetGlobalVars                                      iswi.obl(ISWiInit.obs)
460  SetInstallationInfo                                isrt.obl(Registry.obs)
461  SetMifInformationOnly                              isrt.obl(Registry.obs)
462  SetStatusExStaticText                              isrt.obl(ui.obs)
463  SetStatusWindow                                    isrt.obl(ui.obs)
464  SetTitle                                           isrt.obl(ui.obs)
465  SetupTraceWrite                                    isrt.obl(Misc.obs)
466  SilentDoGeneralInfo                                isrt.obl(Silent.obs)
467  SilentFailed                                       isrt.obl(Silent.obs)
468  SilentFinish                                       isrt.obl(Silent.obs)
469  SilentInit                                         isrt.obl(Silent.obs)
470  SilentReadData                                     isrt.obl(Silent.obs)
471  SilentSetInfo                                      isrt.obl(Silent.obs)
472  SilentSetMode                                      isrt.obl(Silent.obs)
473  SilentWriteData                                    isrt.obl(Silent.obs)
474  Sprintf                                            isrt.obl(Str.obs)
475  SprintfBox                                         isrt.obl(MsgBox.obs)
476  SprintfMsiLog                                      iswi.obl(HelperFuncs.obs)
477  StrAddLastSlash                                    isrt.obl(Str.obs)
478  StrDelete                                          iswi.obl(HelperFuncs.obs)
479  StrFindEx                                          isrt.obl(Str.obs)
480  StrGetTokens                                       isrt.obl(Str.obs)
481  StrLength                                          isrt.obl(Str.obs)
482  StrParseMSIMessage                                 isrt.obl(Str.obs)
483  StrRemoveLastSlash                                 isrt.obl(Str.obs)
484  StrRemoveSpaces                                    isrt.obl(Str.obs)
485  StrReplace                                         isrt.obl(Str.obs)
486  StrToNumHex                                        isrt.obl(Str.obs)
487  StrToUpper                                         isrt.obl(Str.obs)
488  SysVarsInit                                        isrt.obl(SysVars.obs)
489  SysVarsInitConv                                    iswi.obl(SysVarsConv.obs)
490  SysVarsTrace                                       isrt.obl(SysVars.obs)
491  SysVarsUnInit                                      iswi.obl(SysVarsConv.obs)
492  System                                             isrt.obl(Misc.obs)
493  SystemRestoreCancelRestorePointIS                  isrt.obl(PCRestore.obs)
494  SystemRestoreCloseRestorePointIS                   isrt.obl(PCRestore.obs)
495  SystemRestoreDisableIS                             isrt.obl(PCRestore.obs)
496  SystemRestoreIsEnabledIS                           isrt.obl(PCRestore.obs)
497  SystemRestoreOpenRestorePointIS                    isrt.obl(PCRestore.obs)
498  TextSubGetValue                                    isrt.obl(TextSub.obs)
499  TextSubParseTextSub                                isrt.obl(TextSub.obs)
500  TextSubSetValue                                    isrt.obl(TextSub.obs)
501  TreeViewCreate                                     isrt.obl(CmptView.obs)
502  USER.EnableWindow                                  Setup.obs
503  USER.GetClassName                                  Setup.obs
504  USER.GetDC                                         Setup.obs
505  USER.GetDlgItem                                    Setup.obs
506  USER.GetFocus                                      Setup.obs
507  USER.GetWindowLong                                 Setup.obs
508  USER.GetWindowRect                                 Setup.obs
509  USER.IsIconic                                      Setup.obs
510  USER.IsWindow                                      Setup.obs
511  USER.IsWindowVisible                               Setup.obs
512  USER.ReleaseDC                                     Setup.obs
513  USER.SendMessageA                                  Setup.obs
514  USER.SetFocus                                      Setup.obs
515  USER.SetForegroundWindow                           Setup.obs
516  USER.SetWindowPos                                  Setup.obs
517  USER.SetWindowText                                 Setup.obs
518  USER.ShowWindow                                    Setup.obs
519  USER32.CharUpperBuffA                              Setup.obs
520  USER32.FindWindowA                                 Setup.obs
521  USER32.GetDesktopWindow                            Setup.obs
522  USER32.GetDlgItem                                  iswi.obl(SdDiskReqs.obs)
523  USER32.GetSystemMetrics                            Setup.obs
524  USER32.GetWindowRect                               iswi.obl(SdDiskReqs.obs)
525  USER32.GetWindowText                               Setup.obs
526  USER32.GetWindowTextLength                         Setup.obs
527  USER32.MessageBoxA                                 Setup.obs
528  USER32.SendMessageA                                Setup.obs
529  USER32.SetWindowLong                               Setup.obs
530  USER32.SetWindowRgn                                Setup.obs
531  UpdateDirectoryPathForIsMsiEeui                    iswi.obl(HelperFuncs.obs)
532  UpdateServiceEnableUpdateService                   isrt.obl(ISUpdateService.obs)
533  User32.DestroyWindow                               iswi.obl(SdDiskReqs.obs)
534  User32.LoadStringA                                 iswi.obl(ComponentConv.obs)
535  VarInit                                            isrt.obl(SysVars.obs)
536  VarRestore                                         iswi.obl(SysVarsConv.obs)
537  VarRestoreISRT                                     isrt.obl(SysVars.obs)
538  VarSave                                            iswi.obl(SysVarsConv.obs)
539  VarSaveISRT                                        isrt.obl(SysVars.obs)
540  VerCompare                                         isrt.obl(version.obs)
541  VerProductGetInstalledVersion                      isrt.obl(version.obs)
542  VerProductNumToStr                                 isrt.obl(version.obs)
543  VerProductVerPartsFromVer                          isrt.obl(version.obs)
544  WaitOnDialog                                       isrt.obl(CustomDialog.obs)
545  WriteLine                                          isrt.obl(Files.obs)
546  YahooGetInstallState                               isrt.obl(ISYahooToolbar.obs)
547  __AddIntegerToArray                                iswi.obl(HelperFuncs.obs)
548  __AddStringToArray                                 iswi.obl(HelperFuncs.obs)
549  __Begin                                            iswi.obl(DriverConv.obs)
550  __ComponentListItemsEx                             iswi.obl(CompHelperFuncs.obs)
551  __ComponentListItemsExInstall                      iswi.obl(CompHelperFuncs.obs)
552  __ComponentListItemsExUnInstall                    iswi.obl(CompHelperFuncs.obs)
553  __ComponentMoveXferData                            iswi.obl(CompHelperFuncs.obs)
554  __End                                              iswi.obl(DriverConv.obs)
555  __GetFinishMode                                    iswi.obl(ISWiInit.obs)
556  __GetMsiHandle                                     iswi.obl(SysVarsConv.obs)
557  __GetSourceDir                                     iswi.obl(SysVarsConv.obs)
558  __HandleError                                      iswi.obl(ErrHandler.obs)
559  __ISRTDoExit                                       isrt.obl(Misc.obs)
560  __ISRTInit                                         isrt.obl(ISRTInit.obs)
561  __ISRTRestoreMainLog                               isrt.obl(ISRTInit.obs)
562  __ISRTRestoreMainLogEx                             isrt.obl(ISRTInit.obs)
563  __ISRTSetComponentLog                              isrt.obl(ISRTInit.obs)
564  __ISRTUnInit                                       isrt.obl(ISRTInit.obs)
565  __ISWIInit                                         iswi.obl(ISWiInit.obs)
566  __ISWIMsiHandle                                    iswi.obl(ISWiInit.obs)
567  __ISWIUnInit                                       iswi.obl(ISWiInit.obs)
568  __IsArrayEmpty                                     iswi.obl(HelperFuncs.obs)
569  __LoadIScriptString                                isrt.obl(LoadStr.obs)
570  __Moved                                            iswi.obl(FileTransferFuncsConv.obs)
571  __Moving                                           iswi.obl(FileTransferFuncsConv.obs)
572  __MsiOpenView                                      iswi.obl(CompHelperFuncs.obs)
573  __MsiQueryFeatureState                             iswi.obl(MsiWrappersConv.obs)
574  __MsiRecordGetString                               iswi.obl(MsiWrappersConv.obs)
575  __OnAbort                                          iswi.obl(DriverConv.obs)
576  __OnAdminPatch                                     iswi.obl(DriverConv.obs)
577  __OnAdministrativeInstall                          iswi.obl(DriverConv.obs)
578  __OnAdvertisement                                  iswi.obl(DriverConv.obs)
579  __OnBegin                                          iswi.obl(DriverConv.obs)
580  __OnCanceling                                      iswi.obl(DriverConv.obs)
581  __OnEnd                                            iswi.obl(DriverConv.obs)
582  __OnError                                          iswi.obl(DriverConv.obs)
583  __OnMsiMaintenance                                 iswi.obl(DriverConv.obs)
584  __OnMsiRebooted                                    iswi.obl(DriverConv.obs)
585  __OnMsiSilentInstall                               iswi.obl(DriverConv.obs)
586  __OnMsiUninstall                                   iswi.obl(DriverConv.obs)
587  __OnPatch                                          iswi.obl(DriverConv.obs)
588  __OnResume                                         iswi.obl(DriverConv.obs)
589  __OnWarning                                        iswi.obl(DriverConv.obs)
590  __ResetMsiObject                                   iswi.obl(ISWiInit.obs)
591  __SetMaintenance                                   iswi.obl(ISWiInit.obs)
592  __SetMsiHandle                                     iswi.obl(SysVarsConv.obs)
593  __SetMsiServer                                     iswi.obl(ISWiInit.obs)
594  __SetPatch                                         iswi.obl(SysVarsConv.obs)
595  __SetSourceDir                                     iswi.obl(SysVarsConv.obs)
596  isrt._ComponentGetData                             iswi.obl(ComponentConv.obs)
597  isrt._ComponentIsItemSelected                      iswi.obl(ComponentConv.obs)
598  isrt._ComponentListItems                           iswi.obl(ComponentConv.obs)
599  isrt._ComponentReinstall                           iswi.obl(ComponentConv.obs)
600  isrt._ComponentRemoveAll                           iswi.obl(ComponentConv.obs)
601  isrt._ComponentSelectItem                          iswi.obl(ComponentConv.obs)
602  isrt._EnableDialogCache                            iswi.obl(ISWiInit.obs)
603  kernel32.GetLocalTime                              iswi.obl(ErrHandler.obs)
604  kernel32.GetWindowsDirectoryA                      iswi.obl(ErrHandler.obs)
605  msi.MsiCloseHandle                                 iswi.obl(RedirectedMsiFuncsConv.obs)
606  msi.MsiCreateRecord                                iswi.obl(RedirectedMsiFuncsConv.obs)
607  msi.MsiDatabaseOpenViewA                           Setup.obs
608  msi.MsiDoActionA                                   Setup.obs
609  msi.MsiGetActiveDatabase                           iswi.obl(RedirectedMsiFuncsConv.obs)
610  msi.MsiGetProductInfoA                             Setup.obs
611  msi.MsiGetPropertyA                                Setup.obs
612  msi.MsiGetSourcePathA                              Setup.obs
613  msi.MsiGetTargetPathA                              Setup.obs
614  msi.MsiOpenDatabaseA                               Setup.obs
615  msi.MsiProcessMessage                              iswi.obl(RedirectedMsiFuncsConv.obs)
616  msi.MsiQueryFeatureStateA                          Setup.obs
617  msi.MsiRecordGetInteger                            iswi.obl(RedirectedMsiFuncsConv.obs)
618  msi.MsiRecordGetStringA                            Setup.obs
619  msi.MsiRecordSetStringA                            Setup.obs
620  msi.MsiSetPropertyA                                Setup.obs
621  msi.MsiSetTargetPathA                              Setup.obs
622  msi.MsiViewExecute                                 iswi.obl(RedirectedMsiFuncsConv.obs)
623  msi.MsiViewFetch                                   iswi.obl(RedirectedMsiFuncsConv.obs)
624  program                                            iswi.obl(DriverConv.obs)
625  sfc.SRSetRestorePoint                              Setup.obs


***** External Variables *****
1    ADDREMOVE                                          iswi.obl(SysVarsConv.obs)
2    ADDREMOVE_COMBINEDBUTTON                           Setup.obs
3    ADDREMOVE_HIDECHANGEOPTION                         Setup.obs
4    ADDREMOVE_HIDEREMOVEOPTION                         Setup.obs
5    ADDREMOVE_HIDEREPAIROPTION                         Setup.obs
6    ADDREMOVE_STRING_REMOVEONLY                        Setup.obs
7    ADDREMOVE_SYSTEMCOMPONENT                          Setup.obs
8    ADMINUSER                                          Setup.obs
9    ALLUSERS                                           Setup.obs
10   AdminToolsFolder                                   iswi.obl(DebugSymbolsConv.obs)
11   AppDataFolder                                      iswi.obl(DebugSymbolsConv.obs)
12   BASICMSI                                           iswi.obl(SysVarsConv.obs)
13   BATCH_INSTALL                                      Setup.obs
14   CMDLINE                                            iswi.obl(SysVarsConv.obs)
15   CMPTFILTERLANGOBJ                                  iswi.obl(CompHelperFuncs.obs)
16   COMMONFILES                                        iswi.obl(SysVarsConv.obs)
17   COMMONFILES64                                      iswi.obl(SysVarsConv.obs)
18   CommonAppDataFolder                                iswi.obl(DebugSymbolsConv.obs)
19   CommonFiles64Folder                                iswi.obl(DebugSymbolsConv.obs)
20   CommonFilesFolder                                  iswi.obl(DebugSymbolsConv.obs)
21   DISABLE_ALLUSERBTN                                 Setup.obs
22   DISABLE_PERUSERBTN                                 Setup.obs
23   DISK1SETUPEXENAME                                  iswi.obl(SysVarsConv.obs)
24   DISK1TARGET                                        Setup.obs
25   DesktopFolder                                      iswi.obl(DebugSymbolsConv.obs)
26   ENABLED_ISERVICES                                  iswi.obl(SysVarsConv.obs)
27   ENGINECOMMONDIR                                    iswi.obl(SysVarsConv.obs)
28   ENGINEDIR                                          iswi.obl(SysVarsConv.obs)
29   ERRORFILENAME                                      Setup.obs
30   ERRORINFO                                          iswi.obl(ComponentConv.obs)
31   Err                                                Setup.obs
32   FEATURE                                            iswi.obl(ComponentConv.obs)
33   FILEERROR                                          iswi.obl(ComponentConv.obs)
34   FILETIME                                           Setup.obs
35   FIND_DATA                                          Setup.obs
36   FOLDER_APPDATA                                     iswi.obl(SysVarsConv.obs)
37   FOLDER_COMMON_APPDATA                              iswi.obl(SysVarsConv.obs)
38   FOLDER_DESKTOP                                     iswi.obl(SysVarsConv.obs)
39   FOLDER_DOTNET_10                                   iswi.obl(SysVarsConv.obs)
40   FOLDER_DOTNET_11                                   iswi.obl(SysVarsConv.obs)
41   FOLDER_DOTNET_20                                   iswi.obl(SysVarsConv.obs)
42   FOLDER_DOTNET_30                                   iswi.obl(SysVarsConv.obs)
43   FOLDER_DOTNET_35                                   iswi.obl(SysVarsConv.obs)
44   FOLDER_FONTS                                       iswi.obl(SysVarsConv.obs)
45   FOLDER_LOCAL_APPDATA                               iswi.obl(SysVarsConv.obs)
46   FOLDER_PERSONAL                                    iswi.obl(SysVarsConv.obs)
47   FOLDER_PROGRAMS                                    iswi.obl(SysVarsConv.obs)
48   FOLDER_STARTMENU                                   iswi.obl(SysVarsConv.obs)
49   FOLDER_STARTUP                                     iswi.obl(SysVarsConv.obs)
50   FOLDER_TEMP                                        iswi.obl(SysVarsConv.obs)
51   FavoritesFolder                                    iswi.obl(DebugSymbolsConv.obs)
52   FileRegistrar                                      Setup.obs
53   FontsFolder                                        iswi.obl(DebugSymbolsConv.obs)
54   HIDE_DISABLED_BTNS                                 Setup.obs
55   HKEYCURRENTROOTKEY                                 Setup.obs
56   IFX_COMPANY_NAME                                   Setup.obs
57   IFX_INSTALLED_DISPLAY_VERSION                      Setup.obs
58   IFX_INSTALLED_VERSION                              Setup.obs
59   IFX_KEYPATH_PRODUCT_INFO                           Setup.obs
60   IFX_MULTI_INSTANCE_SUFFIX                          Setup.obs
61   IFX_NETAPI_GROUP                                   Setup.obs
62   IFX_NETAPI_PASSWORD                                Setup.obs
63   IFX_NETAPI_USER_ACCOUNT                            Setup.obs
64   IFX_OPEN_RESTORE_POINT                             isrt.obl(PCRestore.obs)
65   IFX_PRODUCT_COMMENTS                               Setup.obs
66   IFX_PRODUCT_DISPLAY_NAME                           Setup.obs
67   IFX_PRODUCT_DISPLAY_VERSION                        Setup.obs
68   IFX_PRODUCT_ICON                                   Setup.obs
69   IFX_PRODUCT_KEY                                    Setup.obs
70   IFX_PRODUCT_NAME                                   Setup.obs
71   IFX_PRODUCT_README                                 Setup.obs
72   IFX_PRODUCT_REGISTEREDCOMPANY                      Setup.obs
73   IFX_PRODUCT_REGISTEREDOWNER                        Setup.obs
74   IFX_PRODUCT_REGISTEREDSERIALNUM                    Setup.obs
75   IFX_PRODUCT_SUPPORT_CONTACT                        Setup.obs
76   IFX_PRODUCT_SUPPORT_PHONE                          Setup.obs
77   IFX_PRODUCT_SUPPORT_URL                            Setup.obs
78   IFX_PRODUCT_UPDATE_URL                             Setup.obs
79   IFX_PRODUCT_URL                                    Setup.obs
80   IFX_PRODUCT_VERSION                                Setup.obs
81   IFX_RESTORE_DISABLED                               isrt.obl(PCRestore.obs)
82   IFX_SETUP_TITLE                                    Setup.obs
83   IFX_SUPPORTED_VERSIONS                             Setup.obs
84   IISROOTFOLDER                                      iswi.obl(SysVarsConv.obs)
85   INSTALLDIR                                         Setup.obs
86   INSTALLSCRIPTMSI                                   iswi.obl(SysVarsConv.obs)
87   INSTALLSCRIPTMSIEEUI                               iswi.obl(SysVarsConv.obs)
88   INSTANCE_GUID                                      iswi.obl(SysVarsConv.obs)
89   ISDIFXAPPID                                        Setup.obs
90   ISMSI_HANDLE                                       iswi.obl(DebugSymbolsConv.obs)
91   ISRES                                              iswi.obl(SysVarsConv.obs)
92   ISUSER                                             iswi.obl(SysVarsConv.obs)
93   ISUTIL_FUNCTION_ACTUAL_ERROR                       Setup.obs
94   ISUTIL_FUNCTION_ERROR                              iswi.obl(CompHelperFuncs.obs)
95   ISUTIL_LINE_NUMBER                                 Setup.obs
96   ISUTIL_POSITIVE_ERROR                              iswi.obl(CompHelperFuncs.obs)
97   ISUTIL_SCRIPT_FILE                                 Setup.obs
98   ISVERSION                                          iswi.obl(SysVarsConv.obs)
99   IS_INSTALL_YAHOO_TOOLBAR                           Setup.obs
100  IS_SET_YAHOO_AS_DEFAULT_SEARCH                     Setup.obs
101  IS_VENDOR_CODE                                     Setup.obs
102  LAAW_PARAMETERS                                    Setup.obs
103  LAAW_SHELLEXECUTEINFO                              Setup.obs
104  LAAW_SHELLEXECUTEVERB                              Setup.obs
105  LAAW_STARTUPINFO                                   Setup.obs
106  LAST_RESULT                                        Setup.obs
107  LVITEM                                             iswi.obl(SdDiskReqs.obs)
108  LV_COLUMN                                          iswi.obl(SdDiskReqs.obs)
109  LocalAppDataFolder                                 iswi.obl(DebugSymbolsConv.obs)
110  LogDB                                              Setup.obs
111  MAINTENANCE                                        iswi.obl(SysVarsConv.obs)
112  MAINT_OPTION                                       iswi.obl(SysVarsConv.obs)
113  MEDIA                                              Setup.obs
114  MEDIA_INFO                                         iswi.obl(FeatureConv.obs)
115  MODE                                               Setup.obs
116  MULTI_INSTANCE_COUNT                               iswi.obl(SysVarsConv.obs)
117  MainWindow                                         Setup.obs
118  MyPicturesFolder                                   iswi.obl(DebugSymbolsConv.obs)
119  NOTHING                                            Setup.obs
120  NetHoodFolder                                      iswi.obl(DebugSymbolsConv.obs)
121  OSINFO_PLATFORM_INFO                               Setup.obs
122  OSINFO_PROCESSOR_INFO                              Setup.obs
123  OSVERSIONINFO                                      Setup.obs
124  OSVERSIONINFOEX                                    Setup.obs
125  Objects                                            Setup.obs
126  OriginalDatabase                                   iswi.obl(DebugSymbolsConv.obs)
127  PACKAGE_LOCATION                                   iswi.obl(SysVarsConv.obs)
128  PATCH                                              iswi.obl(DebugSymbolsConv.obs)
129  PRIVILEGED                                         Setup.obs
130  PRODUCT_GUID                                       iswi.obl(SysVarsConv.obs)
131  PROGRAMFILES                                       iswi.obl(SysVarsConv.obs)
132  PROGRAMFILES64                                     iswi.obl(SysVarsConv.obs)
133  PersonalFolder                                     iswi.obl(DebugSymbolsConv.obs)
134  PrintHoodFolder                                    iswi.obl(DebugSymbolsConv.obs)
135  ProgramFiles64Folder                               iswi.obl(DebugSymbolsConv.obs)
136  ProgramFilesFolder                                 iswi.obl(DebugSymbolsConv.obs)
137  ProgramMenuFolder                                  iswi.obl(DebugSymbolsConv.obs)
138  RECT                                               Setup.obs
139  REGDB_OPTIONS                                      Setup.obs
140  REINSTALLMODE                                      iswi.obl(SysVarsConv.obs)
141  REMOVEALLMODE                                      iswi.obl(SysVarsConv.obs)
142  REMOVEONLY                                         iswi.obl(SysVarsConv.obs)
143  RUN_ONCE_PROGRAM                                   iswi.obl(SysVarsConv.obs)
144  Reboot                                             Setup.obs
145  RecentFolder                                       iswi.obl(DebugSymbolsConv.obs)
146  SELECTED_LANGUAGE                                  iswi.obl(SysVarsConv.obs)
147  SERVICE_IS_PARAMS                                  Setup.obs
148  SETUPTYPE_STR_COMPACT                              Setup.obs
149  SETUPTYPE_STR_COMPLETE                             Setup.obs
150  SETUPTYPE_STR_CUSTOM                               Setup.obs
151  SETUPTYPE_STR_TYPICAL                              Setup.obs
152  SHAREDSUPPORTDIR                                   iswi.obl(SysVarsConv.obs)
153  SHELLEXECUTEINFO                                   Setup.obs
154  SHELL_OBJECT_FOLDER                                Setup.obs
155  SHOW_PASSWORD_DIALOG                               iswi.obl(SysVarsConv.obs)
156  SRCDIR                                             Setup.obs
157  SRCDISK                                            iswi.obl(SysVarsConv.obs)
158  STARTUPINFO                                        Setup.obs
159  SUPPORTDIR                                         iswi.obl(SysVarsConv.obs)
160  SYSTEMTIME                                         Setup.obs
161  SYSTEMTIME2                                        iswi.obl(ErrHandler.obs)
162  SendToFolder                                       iswi.obl(DebugSymbolsConv.obs)
163  SetupInfo                                          Setup.obs
164  SourceDir                                          iswi.obl(DebugSymbolsConv.obs)
165  StartMenuFolder                                    iswi.obl(DebugSymbolsConv.obs)
166  StartupFolder                                      iswi.obl(DebugSymbolsConv.obs)
167  StatusDlg                                          Setup.obs
168  System16Folder                                     iswi.obl(DebugSymbolsConv.obs)
169  System64Folder                                     iswi.obl(DebugSymbolsConv.obs)
170  SystemFolder                                       iswi.obl(DebugSymbolsConv.obs)
171  TARGETDIR                                          Setup.obs
172  TARGETDISK                                         iswi.obl(SysVarsConv.obs)
173  TempFolder                                         iswi.obl(DebugSymbolsConv.obs)
174  TemplateFolder                                     iswi.obl(DebugSymbolsConv.obs)
175  TextSub                                            Setup.obs
176  UNINST                                             Setup.obs
177  UNINSTALLKEY                                       Setup.obs
178  UNINSTALL_DISPLAYNAME                              Setup.obs
179  UNINSTALL_STRING                                   Setup.obs
180  UPDATEMODE                                         Setup.obs
181  WINDIR                                             iswi.obl(SysVarsConv.obs)
182  WINDISK                                            iswi.obl(SysVarsConv.obs)
183  WINSYSDIR                                          iswi.obl(SysVarsConv.obs)
184  WINSYSDIR64                                        iswi.obl(SysVarsConv.obs)
185  WINSYSDISK                                         iswi.obl(SysVarsConv.obs)
186  WindowsFolder                                      iswi.obl(DebugSymbolsConv.obs)
187  WindowsVolume                                      iswi.obl(DebugSymbolsConv.obs)
188  _INT64                                             Setup.obs
189  _LAAW_PARAMETERS                                   Setup.obs
190  _RESTOREPOINTINFO                                  Setup.obs
191  _SERVICE_IS_PARAMS                                 Setup.obs
192  _STATEMGRSTATUS                                    Setup.obs
193  _WIN9X                                             Setup.obs
194  _WINNT                                             Setup.obs
195  __SYSTEMINFORMATION                                Setup.obs
196  __SYSTEMPROCESSORINFORMATION                       Setup.obs
197  __gbAliasingOff                                    iswi.obl(CompHelperFuncs.obs)
198  __gbCheckForUpdate                                 iswi.obl(CompHelperFuncs.obs)
199  __gbGetTarget                                      iswi.obl(CompHelperFuncs.obs)
200  __gbInitialized                                    iswi.obl(CompHelperFuncs.obs)
201  __gbInstallInfo                                    Setup.obs
202  __gbMaintenance                                    iswi.obl(CompHelperFuncs.obs)
203  __gbReopening                                      iswi.obl(CompHelperFuncs.obs)
204  __ghActiveDataBase                                 iswi.obl(CompHelperFuncs.obs)
205  __ghErrFileHandle                                  iswi.obl(CompHelperFuncs.obs)
206  __ghMsiInstall                                     iswi.obl(CompHelperFuncs.obs)
207  __gnButtonSelected                                 iswi.obl(CompHelperFuncs.obs)
208  __gnLastError                                      iswi.obl(CompHelperFuncs.obs)
209  __gnMsiReturn                                      iswi.obl(CompHelperFuncs.obs)
210  __gnOSMask                                         iswi.obl(CompHelperFuncs.obs)
211  __gnScriptMode                                     iswi.obl(CompHelperFuncs.obs)
212  __goISDriver                                       iswi.obl(CompHelperFuncs.obs)
213  __goLanguageFilter                                 iswi.obl(CompHelperFuncs.obs)
214  __goMsiServer                                      iswi.obl(CompHelperFuncs.obs)
215  __gsINSTALLDIR                                     iswi.obl(CompHelperFuncs.obs)
216  __gsProductGuid                                    iswi.obl(CompHelperFuncs.obs)
217  __gsSourceDir                                      iswi.obl(CompHelperFuncs.obs)
218  __hContext                                         iswi.obl(CompHelperFuncs.obs)
219  __objGlobalTextSub                                 Setup.obs
220  __objStringTable                                   iswi.obl(ISWiInit.obs)
221  __szGUID                                           isrt.obl(ISRTInit.obs)
222  bBackButton                                        Setup.obs
223  bCancelButton                                      Setup.obs
224  bEnterDiskBeep                                     Setup.obs
225  bFinishButton                                      Setup.obs
226  bInstall16                                         Setup.obs
227  bNextButton                                        Setup.obs
228  bSdInit                                            Setup.obs
229  bViewCmptKunits                                    Setup.obs
230  bViewCmptUseDecimal                                Setup.obs
231  g_bSuppressMissingStringWarning                    iswi.obl(DriverConv.obs)
232  szAppKey                                           Setup.obs
233  szSdProduct                                        Setup.obs
234  szSdStr_NotEnoughSpace                             Setup.obs
